{
  "type": "object",
  "properties": {
    "foo": {}
  },
  "additionalProperties": false
}