{
  "properties": {
    "foo": {}
  },
  "required": [
    "foo"
  ],
  "additionalProperties": false
}